src/components/admin/EnhancedAdminOverview.tsx(71,53): error TS1005: ';' expected.
src/components/admin/EnhancedAdminOverview.tsx(71,88): error TS1005: ';' expected.
src/components/admin/EnhancedAdminOverview.tsx(71,130): error TS1128: Declaration or statement expected.
src/components/admin/EnhancedAdminOverview.tsx(72,52): error TS1005: ';' expected.
src/components/admin/EnhancedAdminOverview.tsx(72,68): error TS1128: Declaration or statement expected.
src/components/admin/EnhancedAdminOverview.tsx(73,53): error TS1005: ';' expected.
src/components/admin/EnhancedAdminOverview.tsx(73,83): error TS1005: ';' expected.
src/components/admin/EnhancedAdminOverview.tsx(73,109): error TS1128: Declaration or statement expected.
src/components/admin/EnhancedAdminOverview.tsx(74,51): error TS1005: ';' expected.
src/components/admin/EnhancedAdminOverview.tsx(74,69): error TS1128: Declaration or statement expected.
src/components/admin/EnhancedAdminOverview.tsx(75,53): error TS1005: ';' expected.
src/components/admin/EnhancedAdminOverview.tsx(75,72): error TS1128: Declaration or statement expected.
src/components/admin/EnhancedAdminOverview.tsx(76,46): error TS1005: ';' expected.
src/components/admin/EnhancedAdminOverview.tsx(76,62): error TS1128: Declaration or statement expected.
src/components/admin/EnhancedAdminOverview.tsx(77,59): error TS1005: ';' expected.
src/components/admin/EnhancedAdminOverview.tsx(77,78): error TS1128: Declaration or statement expected.
src/components/admin/EnhancedAdminOverview.tsx(78,57): error TS1005: ';' expected.
src/components/admin/EnhancedAdminOverview.tsx(78,77): error TS1005: ';' expected.
src/components/admin/EnhancedAdminOverview.tsx(78,94): error TS1128: Declaration or statement expected.
src/components/admin/EnhancedAdminOverview.tsx(80,5): error TS1128: Declaration or statement expected.
src/components/admin/EnhancedAdminOverview.tsx(80,6): error TS1128: Declaration or statement expected.
src/components/admin/EnhancedAdminOverview.tsx(82,3): error TS1109: Expression expected.
src/components/admin/EnhancedAdminOverview.tsx(82,4): error TS1128: Declaration or statement expected.
src/components/admin/EnhancedAdminOverview.tsx(347,1): error TS1128: Declaration or statement expected.
src/lib/queueAPI.ts(55,9): error TS1003: Identifier expected.
src/lib/queueAPI.ts(55,18): error TS1005: ',' expected.
src/lib/queueAPI.ts(55,21): error TS1005: ',' expected.
src/lib/queueAPI.ts(55,23): error TS1136: Property assignment expected.
src/lib/queueAPI.ts(56,13): error TS1005: ':' expected.
src/lib/queueAPI.ts(56,17): error TS1005: ':' expected.
src/lib/queueAPI.ts(56,22): error TS1005: ',' expected.
src/lib/queueAPI.ts(57,5): error TS1128: Declaration or statement expected.
src/lib/queueAPI.ts(60,3): error TS1128: Declaration or statement expected.
src/lib/queueAPI.ts(60,4): error TS1128: Declaration or statement expected.
src/lib/queueAPI.ts(65,3): error TS1434: Unexpected keyword or identifier.
src/lib/queueAPI.ts(65,27): error TS1005: ',' expected.
src/lib/queueAPI.ts(65,37): error TS1005: ';' expected.
src/lib/queueAPI.ts(73,4): error TS1128: Declaration or statement expected.
src/lib/queueAPI.ts(81,3): error TS1434: Unexpected keyword or identifier.
src/lib/queueAPI.ts(82,10): error TS1005: ',' expected.
src/lib/queueAPI.ts(85,4): error TS1005: ';' expected.
src/lib/queueAPI.ts(86,11): error TS1005: ':' expected.
src/lib/queueAPI.ts(86,33): error TS1005: ',' expected.
src/lib/queueAPI.ts(88,16): error TS1005: ',' expected.
src/lib/queueAPI.ts(88,44): error TS1005: ',' expected.
src/lib/queueAPI.ts(88,46): error TS1136: Property assignment expected.
src/lib/queueAPI.ts(109,3): error TS1128: Declaration or statement expected.
src/lib/queueAPI.ts(109,4): error TS1128: Declaration or statement expected.
src/lib/queueAPI.ts(114,3): error TS1434: Unexpected keyword or identifier.
src/lib/queueAPI.ts(114,25): error TS1005: ';' expected.
src/lib/queueAPI.ts(122,4): error TS1128: Declaration or statement expected.
src/lib/queueAPI.ts(127,3): error TS1434: Unexpected keyword or identifier.
src/lib/queueAPI.ts(127,27): error TS1005: ';' expected.
src/lib/queueAPI.ts(135,4): error TS1128: Declaration or statement expected.
src/lib/queueAPI.ts(136,1): error TS1128: Declaration or statement expected.
